
[1m[46m RUN [49m[22m [36mv4.1.2 [39m[90mE:/mpp/spendy-app[39m

 [32mÔťô[39m src/expenses.test.ts [2m([22m[2m13 tests[22m[2m)[22m[32m 35[2mms[22m[39m
 [32mÔťô[39m src/components/ExpenseForm.test.tsx [2m([22m[2m2 tests[22m[2m)[22m[32m 185[2mms[22m[39m
 [32mÔťô[39m src/components/ExpenseTable.test.tsx [2m([22m[2m2 tests[22m[2m)[22m[32m 257[2mms[22m[39m
 [31mÔŁ»[39m src/pages/Statistics.test.tsx [2m([22m[2m3 tests[22m[2m | [22m[31m1 failed[39m[2m)[22m[32m 244[2mms[22m[39m
[31m     [31m├Ś[31m renders summary cards and chart sections from expenses data[39m[32m 206[2mms[22m[39m
     [32mÔťô[39m shows empty-state labels when there are no expenses[32m 13[2mms[22m[39m
     [32mÔťô[39m navigates back to dashboard when back button is clicked[32m 23[2mms[22m[39m
 [32mÔťô[39m src/pages/ExpenseDetailPage.test.tsx [2m([22m[2m2 tests[22m[2m)[22m[32m 217[2mms[22m[39m
 [32mÔťô[39m src/pages/Login.test.tsx [2m([22m[2m3 tests[22m[2m)[22m[32m 264[2mms[22m[39m
 [32mÔťô[39m src/pages/Register.test.tsx [2m([22m[2m3 tests[22m[2m)[22m[32m 297[2mms[22m[39m
 [32mÔťô[39m src/app.ui.test.tsx [2m([22m[2m4 tests[22m[2m)[22m[33m 348[2mms[22m[39m
node.exe : 
At line:1 char:1
+ & "C:\Program Files\nodejs/node.exe" "C:\Program Files\nodejs/node_mo ...
+ ~~~~~~~~~~~~~~~~~~~~~~~~~~~~~~~~~~~~~~~~~~~~~~~~~~~~~~~~~~~~~~~~~~~~~
    + CategoryInfo          : NotSpecified: (:String) [], RemoteException
    + FullyQualifiedErrorId : NativeCommandError
 
[31mÔÄ»ÔÄ»ÔÄ»ÔÄ»ÔÄ»ÔÄ»ÔÄ»[39m[1m[41m Failed Tests 1 [49m[22m[31mÔÄ»ÔÄ»ÔÄ»ÔÄ»ÔÄ»ÔÄ»ÔÄ»[39m

[41m[1m FAIL [22m[49m src/pages/Statistics.test.tsx[2m > [22mStatistics page[2m > [22mrenders summary cards and chart sections from expenses data
[31m[1mTestingLibraryElementError[22m[39m: Found multiple elements with the text: Food & Dining

Here are the matching elements:

Ignored nodes: comments, script, style
[36m<p[39m
  [33mclass[39m=[32m"mt-2 text-2xl font-bold text-slate-900"[39m
[36m>[39m
  [0mFood & Dining[0m
[36m</p>[39m

Ignored nodes: comments, script, style
[36m<td[39m
  [33mclass[39m=[32m"px-3 py-2"[39m
[36m>[39m
  [0mFood & Dining[0m
[36m</td>[39m

(If this is intentional, then use the `*AllBy*` variant of the query (like `queryAllByText`, `getAllByText`, or `findAllByText`)).

Ignored nodes: comments, script, style
[36m<body>[39m
  [36m<div>[39m
    [36m<main[39m
      [33mclass[39m=[32m"min-h-screen bg-green-50/40 px-4 py-8"[39m
    [36m>[39m
      [36m<div[39m
        [33mclass[39m=[32m"mx-auto w-full max-w-6xl space-y-6"[39m
      [36m>[39m
        [36m<header[39m
          [33mclass[39m=[32m"flex flex-wrap items-center gap-3"[39m
        [36m>[39m
          [36m<button[39m
            [33mclass[39m=[32m"inline-flex items-center gap-2 rounded-lg border border-green-200 bg-white px-4 py-2 text-sm font-semibold text-green-700 transition
 hover:bg-green-50"[39m
            [33mtype[39m=[32m"button"[39m
          [36m>[39m
            [36m<svg[39m
              [33maria-hidden[39m=[32m"true"[39m
              [33mclass[39m=[32m"lucide lucide-arrow-left h-4 w-4"[39m
              [33mfill[39m=[32m"none"[39m
              [33mheight[39m=[32m"24"[39m
              [33mstroke[39m=[32m"currentColor"[39m
              [33mstroke-linecap[39m=[32m"round"[39m
              [33mstroke-linejoin[39m=[32m"round"[39m
              [33mstroke-width[39m=[32m"2"[39m
              [33mviewBox[39m=[32m"0 0 24 24"[39m
              [33mwidth[39m=[32m"24"[39m
              [33mxmlns[39m=[32m"http://www.w3.org/2000/svg"[39m
            [36m>[39m
              [36m<path[39m
                [33md[39m=[32m"m12 19-7-7 7-7"[39m
              [36m/>[39m
              [36m<path[39m
                [33md[39m=[32m"M19 12H5"[39m
              [36m/>[39m
            [36m</svg>[39m
            [0mBack to Expenses[0m
          [36m</button>[39m
          [36m<h1[39m
            [33mclass[39m=[32m"text-3xl font-bold text-green-900"[39m
          [36m>[39m
            [0mStatistics & Insights[0m
          [36m</h1>[39m
        [36m</header>[39m
        [36m<section[39m
          [33mclass[39m=[32m"grid gap-4 sm:grid-cols-2 lg:grid-cols-3"[39m
        [36m>[39m
          [36m<article[39m
            [33mclass[39m=[32m"rounded-2xl border border-green-100 bg-white p-5 shadow-sm"[39m
          [36m>[39m
            [36m<p[39m
              [33mclass[39m=[32m"text-sm font-medium text-slate-600"[39m
            [36m>[39m
              [0mTotal Expenses[0m
            [36m</p>[39m
            [36m<p[39m
              [33mclass[39m=[32m"mt-2 text-2xl font-bold text-slate-900"[39m
            [36m>[39m
              [0m$150.00[0m
            [36m</p>[39m
          [36m</article>[39m
          [36m<article[39m
            [33mclass[39m=[32m"rounded-2xl border border-green-100 bg-white p-5 shadow-sm"[39m
          [36m>[39m
            [36m<p[39m
              [33mclass[39m=[32m"text-sm font-medium text-slate-600"[39m
            [36m>[39m
              [0mAverage Expense[0m
            [36m</p>[39m
            [36m<p[39m
              [33mclass[39m=[32m"mt-2 text-2xl font-bold text-slate-900"[39m
            [36m>[39m
              [0m$75.00[0m
            [36m</p>[39m
          [36m</article>[39m
          [36m<article[39m
            [33mclass[39m=[32m"rounded-2xl border border-green-100 bg-white p-5 shadow-sm"[39m
          [36m>[39m
            [36m<p[39m
              [33mclass[39m=[32m"text-sm font-medium text-slate-600"[39m
            [36m>[39m
              [0mTop Category[0m
            [36m</p>[39m
            [36m<p[39m
              [33mclass[39m=[32m"mt-2 text-2xl font-bold text-slate-900"[39m
            [36m>[39m
              [0mFood & Dining[0m
            [36m</p>[39m
          [36m</article>[39m
        [36m</section>[39m
        [36m<section[39m
          [33mclass[39m=[32m"grid gap-4 lg:grid-cols-2"[39m
        [36m>[39m
          [36m<article[39m
            [33mclass[39m=[32m"rounded-2xl border border-green-100 bg-white p-5 shadow-sm"[39m
          [36m>[39m
            [36m<h2[39m
              [33mclass[39m=[32m"text-lg font-semibold text-green-900"[39m
            [36m>[39m
              [0mExpenses by Category[0m
            [36m</h2>[39m
            [36m<div[39m
              [33mclass[39m=[32m"mt-4 h-72"[39m
            [36m>[39m
              [36m<div[39m
                [33mdata-testid[39m=[32m"responsive-container"[39m

[2m Test Files [22m [1m[31m1 failed[39m[22m[2m | [22m[1m[32m7 passed[39m[22m[90m (8)[39m
[2m      Tests [22m [1m[31m1 failed[39m[22m[2m | [22m[1m[32m31 passed[39m[22m[90m (32)[39m
[2m   Start at [22m 01:52:14
[2m   Duration [22m 2.43s[2m (transform 843ms, setup 0ms, import 3.25s, tests 1.85s, environment 8.31s)[22m

              [36m>[39m
                [36m<div[39m
                  [33mdata-testid[39m=[32m"pie-chart"[39m
                [36m>[39m
                  [36m<div[39m
                    [33mdata-testid[39m=[32m"pie"[39m
                  [36m>[39m
                    [36m<div[39m
                      [33mdata-testid[39m=[32m"cell"[39m
                    [36m/>[39m
                    [36m<div[39m
                      [33mdata-testid[39m=[32m"cell"[39m
                    [36m/>[39m
                  [36m</div>[39m
                  [36m<div[39m
                    [33mdata-testid[39m=[32m"tooltip"[39m
                  [36m/>[39m
                [36m</div>[39m
              [36m</div>[39m
            [36m</div>[39m
          [36m</article>[39m
          [36m<article[39m
            [33mclass[39m=[32m"rounded-2xl border border-green-100 bg-white p-5 shadow-sm"[39m
          [36m>[39m
            [36m<h2[39m
              [33mclass[39m=[32m"text-lg font-semibold text-green-900"[39m
            [36m>[39m
              [0mExpenses by Payment Method[0m
            [36m</h2>[39m
            [36m<div[39m
              [33mclass[39m=[32m"mt-4 h-72"[39m
            [36m>[39m
              [36m<div[39m
                [33mdata-testid[39m=[32m"responsive-container"[39m
              [36m>[39m
                [36m<div[39m
                  [33mdata-testid[39m=[32m"bar-chart"[39m
                [36m>[39m
                  [36m<div[39m
                    [33mdata-testid[39m=[32m"x-axis"[39m
                  [36m/>[39m
                  [36m<div[39m
                    [33mdata-testid[39m=[32m"y-axis"[39m
                  [36m/>[39m
                  [36m<div[39m
                    [33mdata-testid[39m=[32m"tooltip"[39m
                  [36m/>[39m
                  [36m<div[39m
                    [33mdata-testid[39m=[32m"bar"[39m
                  [36m/>[39m
                [36m</div>[39m
              [36m</div>[39m
            [36m</div>[39m
          [36m</article>[39m
        [36m</section>[39m
        [36m<section[39m
          [33mclass[39m=[32m"rounded-2xl border border-green-100 bg-white p-5 shadow-sm"[39m
        [36m>[39m
          [36m<h2[39m
            [33mclass[39m=[32m"text-lg font-semibold text-green-900"[39m
          [36m>[39m
            [0mCategory Breakdown[0m
          [36m</h2>[39m
          [36m<div[39m
            [33mclass[39m=[32m"mt-4 overflow-x-auto"[39m
          [36m>[39m
            [36m<table[39m
              [33mclass[39m=[32m"min-w-full text-left text-sm"[39m
            [36m>[39m
              [36m<thead[39m
                [33mclass[39m=[32m"border-b border-green-100 bg-green-50 text-slate-700"[39m
              [36m>[39m
                [36m<tr>[39m
                  [36m<th[39m
                    [33mclass[39m=[32m"px-3 py-2"[39m
                  [36m>[39m
                    [0mRank[0m
                  [36m</th>[39m
                  [36m<th[39m
                    [33mclass[39m=[32m"px-3 py-2"[39m
                  [36m>[39m
                    [0mCategory[0m
                  [36m</th>[39m
                  [36m<th[39m
                    [33mclass[39m=[32m"px-3 py-2"[39m
                  [36m>[39m
                    [0mTotal Amount[0m
                  [36m</th>[39m
                [36m</tr>[39m
              [36m</thead>[39m
              [36m<tbody>[39m
                [36m<tr[39m
                  [33mclass[39m=[32m"border-b border-green-50 last:border-b-0"[39m
                [36m>[39m
                  [36m<td[39m
                    [33mclass[39m=[32m"px-3 py-2"[39m
                  [36m>[39m
                    [0m1[0m
                  [36m</td>[39m
                  [36m<td[39m
                    [33mclass[39m=[32m"px-3 py-2"[39m
                  [36m>[39m
                    [0mFood & Dining[0m
                  [36m</td>[39m
                  [36m<td[39m
                    [33mclass[39m=[32m"px-3 py-2"[39m
                  [36m>[39m
                    [0m$120.00[0m
                  [36m</td>[39m
                [36m</tr>[39m
                [36m<tr[39m
                  [33mclass[39m=[32m"border-b border-green-50 last:border-b-0"[39m
                [36m>[39m
                  [36m<td[39m
                    [33mclass[39m=[32m"px-3 py-2"[39m
                  [36m>[39m
                    [0m2[0m
                  [36m</td>[39m
                  [36m<td[39m
                    [33mclass[39m=[32m"px-3 py-2"[39m
                  [36m>[39m
                    [0mTransportation[0m
                  [36m</td>[39m
                  [36m<td[39m
                    [33mclass[39m=[32m"px-3 py-2"[39m
                  [36m>[39m
                    [0m$30.00[0m
                  [36m</td>[39m
                [36m</tr>[39m
              [36m</tbody>[39m
            [36m</table>[39m
          [36m</div>[39m
        [36m</section>[39m
      [36m</div>[39m
    [36m</main>[39m
  [36m</div>[39m
[36m</body>[39m
[90m [2mÔŁ»[22m Object.getElementError node_modules/@testing-library/dom/dist/config.js:[2m37:19[22m[39m
[90m [2mÔŁ»[22m getElementError node_modules/@testing-library/dom/dist/query-helpers.js:[2m20:35[22m[39m
[90m [2mÔŁ»[22m getMultipleElementsFoundError node_modules/@testing-library/dom/dist/query-helpers.js:[2m23:10[22m[39m
[90m [2mÔŁ»[22m node_modules/@testing-library/dom/dist/query-helpers.js:[2m55:13[22m[39m
[90m [2mÔŁ»[22m node_modules/@testing-library/dom/dist/query-helpers.js:[2m95:19[22m[39m
[36m [2mÔŁ»[22m src/pages/Statistics.test.tsx:[2m83:19[22m[39m
    [90m 81|[39m     [34mexpect[39m(screen[33m.[39m[34mgetByText[39m([32m'$75.00'[39m))[33m.[39m[34mtoBeInTheDocument[39m()
    [90m 82|[39m     [34mexpect[39m(screen[33m.[39m[34mgetByText[39m([32m'Top Category'[39m))[33m.[39m[34mtoBeInTheDocument[39m()
    [90m 83|[39m     [34mexpect[39m(screen[33m.[39m[34mgetByText[39m([32m'Food & Dining'[39m))[33m.[39m[34mtoBeInTheDocument[39m()
    [90m   |[39m                   [31m^[39m
    [90m 84|[39m
    [90m 85|[39m     expect(screen.getByText('Expenses by Category')).toBeInTheDocumentÔÇŽ

[31m[2mÔÄ»ÔÄ»ÔÄ»ÔÄ»ÔÄ»ÔÄ»ÔÄ»ÔÄ»ÔÄ»ÔÄ»ÔÄ»ÔÄ»ÔÄ»ÔÄ»ÔÄ»ÔÄ»ÔÄ»ÔÄ»ÔÄ»ÔÄ»ÔÄ»ÔÄ»ÔÄ»ÔÄ»[1/1]ÔÄ»[22m[39m

